System.Exception: IsTrue failed, expression was:

CompareString(x, "foo", False) != 0
.           . .                __
\_____ _____/ .                |
      |       .                |
      |       |                False
      |       "foo"
      0

   at PowerAssert.PAssert.IsTrue(Expression`1 expression, CallerLocation location) in ...\PAssert.cs
   at PowerAssertTests.Approvals.EndToEndTest.ApproveException(Expression`1 func) in ...\EndToEndTest.cs