System.Exception: IsTrue failed, expression was:

x == "bar"
. __
. |
| False
"foo"

   at PowerAssert.PAssert.IsTrue(Expression`1 expression, CallerLocation location) in ...\PAssert.cs
   at PowerAssertTests.Approvals.EndToEndTest.ApproveException(Expression`1 func) in ...\EndToEndTest.cs