System.Exception: IsTrue failed, expression was:

ModuleProperty == False
.            . __
\_____ ______/ |
      |        False
      True

   at PowerAssert.PAssert.IsTrue(Expression`1 expression, CallerLocation location) in ...\PAssert.cs
   at PowerAssertTests.Approvals.EndToEndTest.ApproveException(Expression`1 func) in ...\EndToEndTest.cs